// Jest Snapshot v1, https://goo.gl/fbAQLP

exports[`Results tests should match snapshot 1`] = `
<div
  className="sc-bgqQcB jeNVnf"
/>
`;
