// Jest Snapshot v1, https://goo.gl/fbAQLP

exports[`UserCard tests should match snapshot 1`] = `
<div
  className="sc-gTRrQi iWBeRi"
  data-testid="user-card"
>
  <div>
    <img
      alt="Veek's avatar"
      loading="lazy"
      src="https://avatars.githubusercontent.com/u/7710803?v=4"
    />
  </div>
  <div>
    <p>
      Veek
    </p>
    <svg
      fill="currentColor"
      height="1em"
      stroke="currentColor"
      strokeWidth="0"
      style={
        Object {
          "color": undefined,
        }
      }
      viewBox="0 0 512 512"
      width="1em"
      xmlns="http://www.w3.org/2000/svg"
    >
      <path
        d="M294.1 256L167 129c-9.4-9.4-9.4-24.6 0-33.9s24.6-9.3 34 0L345 239c9.1 9.1 9.3 23.7.7 33.1L201.1 417c-4.7 4.7-10.9 7-17 7s-12.3-2.3-17-7c-9.4-9.4-9.4-24.6 0-33.9l127-127.1z"
      />
    </svg>
  </div>
</div>
`;
